0	activity.svg
1	activity.svg
2	airplay.svg
3	airplay.svg
4	alert-circle.svg
5	alert-circle.svg
6	alert-octagon.svg
7	alert-octagon.svg
8	alert-triangle.svg
9	alert-triangle.svg
10	align-center.svg
11	align-center.svg
12	align-justify.svg
13	align-justify.svg
14	align-left.svg
15	align-left.svg
16	align-right.svg
17	align-right.svg
18	anchor.svg
19	anchor.svg
20	aperture.svg
21	aperture.svg
22	archive.svg
23	archive.svg
24	arrow-down-circle.svg
25	arrow-down-circle.svg
26	arrow-down-left.svg
27	arrow-down-left.svg
28	arrow-down-right.svg
29	arrow-down-right.svg
30	arrow-down.svg
31	arrow-down.svg
32	arrow-left-circle.svg
33	arrow-left-circle.svg
34	arrow-left.svg
35	arrow-left.svg
36	arrow-right-circle.svg
37	arrow-right-circle.svg
38	arrow-right.svg
39	arrow-right.svg
40	arrow-up-circle.svg
41	arrow-up-circle.svg
42	arrow-up-left.svg
43	arrow-up-left.svg
44	arrow-up-right.svg
45	arrow-up-right.svg
46	arrow-up.svg
47	arrow-up.svg
48	at-sign.svg
49	at-sign.svg
50	award.svg
51	award.svg
52	bar-chart-2.svg
53	bar-chart-2.svg
54	bar-chart.svg
55	bar-chart.svg
56	battery-charging.svg
57	battery-charging.svg
58	battery.svg
59	battery.svg
60	bell-off.svg
61	bell-off.svg
62	bell.svg
63	bell.svg
64	bluetooth.svg
65	bluetooth.svg
66	bold.svg
67	bold.svg
68	book-open.svg
69	book-open.svg
70	book.svg
71	book.svg
72	bookmark.svg
73	bookmark.svg
74	box.svg
75	box.svg
76	briefcase.svg
77	briefcase.svg
78	calendar.svg
79	calendar.svg
80	camera-off.svg
81	camera-off.svg
82	camera.svg
83	camera.svg
84	cast.svg
85	cast.svg
86	check-circle.svg
87	check-circle.svg
88	check-square.svg
89	check-square.svg
90	check.svg
91	check.svg
92	chevron-down.svg
93	chevron-down.svg
94	chevron-left.svg
95	chevron-left.svg
96	chevron-right.svg
97	chevron-right.svg
98	chevron-up.svg
99	chevron-up.svg
100	chevrons-down.svg
101	chevrons-down.svg
102	chevrons-left.svg
103	chevrons-left.svg
104	chevrons-right.svg
105	chevrons-right.svg
106	chevrons-up.svg
107	chevrons-up.svg
108	chrome.svg
109	chrome.svg
110	circle.svg
111	circle.svg
112	clipboard.svg
113	clipboard.svg
114	clock.svg
115	clock.svg
116	cloud-drizzle.svg
117	cloud-drizzle.svg
118	cloud-lightning.svg
119	cloud-lightning.svg
120	cloud-off.svg
121	cloud-off.svg
122	cloud-rain.svg
123	cloud-rain.svg
124	cloud-snow.svg
125	cloud-snow.svg
126	cloud.svg
127	cloud.svg
128	code.svg
129	code.svg
130	codepen.svg
131	codepen.svg
132	codesandbox.svg
133	codesandbox.svg
134	coffee.svg
135	coffee.svg
136	columns.svg
137	columns.svg
138	command.svg
139	command.svg
140	compass.svg
141	compass.svg
142	copy.svg
143	copy.svg
144	corner-down-left.svg
145	corner-down-left.svg
146	corner-down-right.svg
147	corner-down-right.svg
148	corner-left-down.svg
149	corner-left-down.svg
150	corner-left-up.svg
151	corner-left-up.svg
152	corner-right-down.svg
153	corner-right-down.svg
154	corner-right-up.svg
155	corner-right-up.svg
156	corner-up-left.svg
157	corner-up-left.svg
158	corner-up-right.svg
159	corner-up-right.svg
160	cpu.svg
161	cpu.svg
162	credit-card.svg
163	credit-card.svg
164	crop.svg
165	crop.svg
166	crosshair.svg
167	crosshair.svg
168	database.svg
169	database.svg
170	delete.svg
171	delete.svg
172	disc.svg
173	disc.svg
174	divide-circle.svg
175	divide-circle.svg
176	divide-square.svg
177	divide-square.svg
178	divide.svg
179	divide.svg
180	dollar-sign.svg
181	dollar-sign.svg
182	download-cloud.svg
183	download-cloud.svg
184	download.svg
185	download.svg
186	dribbble.svg
187	dribbble.svg
188	droplet.svg
189	droplet.svg
190	edit-2.svg
191	edit-2.svg
192	edit-3.svg
193	edit-3.svg
194	edit.svg
195	edit.svg
196	external-link.svg
197	external-link.svg
198	eye-off.svg
199	eye-off.svg
200	eye.svg
201	eye.svg
202	facebook.svg
203	facebook.svg
204	fast-forward.svg
205	fast-forward.svg
206	feather.svg
207	feather.svg
208	figma.svg
209	figma.svg
210	file-minus.svg
211	file-minus.svg
212	file-plus.svg
213	file-plus.svg
214	file-text.svg
215	file-text.svg
216	file.svg
217	file.svg
218	film.svg
219	film.svg
220	filter.svg
221	filter.svg
222	flag.svg
223	flag.svg
224	folder-minus.svg
225	folder-minus.svg
226	folder-plus.svg
227	folder-plus.svg
228	folder.svg
229	folder.svg
230	framer.svg
231	framer.svg
232	frown.svg
233	frown.svg
234	gift.svg
235	gift.svg
236	git-branch.svg
237	git-branch.svg
238	git-commit.svg
239	git-commit.svg
240	git-merge.svg
241	git-merge.svg
242	git-pull-request.svg
243	git-pull-request.svg
244	github.svg
245	github.svg
246	gitlab.svg
247	gitlab.svg
248	globe.svg
249	globe.svg
250	grid.svg
251	grid.svg
252	hard-drive.svg
253	hard-drive.svg
254	hash.svg
255	hash.svg
256	headphones.svg
257	headphones.svg
258	heart.svg
259	heart.svg
260	help-circle.svg
261	help-circle.svg
262	hexagon.svg
263	hexagon.svg
264	home.svg
265	home.svg
266	image.svg
267	image.svg
268	inbox.svg
269	inbox.svg
270	info.svg
271	info.svg
272	instagram.svg
273	instagram.svg
274	italic.svg
275	italic.svg
276	key.svg
277	key.svg
278	layers.svg
279	layers.svg
280	layout.svg
281	layout.svg
282	life-buoy.svg
283	life-buoy.svg
284	link-2.svg
285	link-2.svg
286	link.svg
287	link.svg
288	linkedin.svg
289	linkedin.svg
290	list.svg
291	list.svg
292	loader.svg
293	loader.svg
294	lock.svg
295	lock.svg
296	log-in.svg
297	log-in.svg
298	log-out.svg
299	log-out.svg
300	mail.svg
301	mail.svg
302	map-pin.svg
303	map-pin.svg
304	map.svg
305	map.svg
306	maximize-2.svg
307	maximize-2.svg
308	maximize.svg
309	maximize.svg
310	meh.svg
311	meh.svg
312	menu.svg
313	menu.svg
314	message-circle.svg
315	message-circle.svg
316	message-square.svg
317	message-square.svg
318	mic-off.svg
319	mic-off.svg
320	mic.svg
321	mic.svg
322	minimize-2.svg
323	minimize-2.svg
324	minimize.svg
325	minimize.svg
326	minus-circle.svg
327	minus-circle.svg
328	minus-square.svg
329	minus-square.svg
330	minus.svg
331	minus.svg
332	monitor.svg
333	monitor.svg
334	moon.svg
335	moon.svg
336	more-horizontal.svg
337	more-horizontal.svg
338	more-vertical.svg
339	more-vertical.svg
340	mouse-pointer.svg
341	mouse-pointer.svg
342	move.svg
343	move.svg
344	music.svg
345	music.svg
346	navigation-2.svg
347	navigation-2.svg
348	navigation.svg
349	navigation.svg
350	octagon.svg
351	octagon.svg
352	package.svg
353	package.svg
354	paperclip.svg
355	paperclip.svg
356	pause-circle.svg
357	pause-circle.svg
358	pause.svg
359	pause.svg
360	pen-tool.svg
361	pen-tool.svg
362	percent.svg
363	percent.svg
364	phone-call.svg
365	phone-call.svg
366	phone-forwarded.svg
367	phone-forwarded.svg
368	phone-incoming.svg
369	phone-incoming.svg
370	phone-missed.svg
371	phone-missed.svg
372	phone-off.svg
373	phone-off.svg
374	phone-outgoing.svg
375	phone-outgoing.svg
376	phone.svg
377	phone.svg
378	pie-chart.svg
379	pie-chart.svg
380	play-circle.svg
381	play-circle.svg
382	play.svg
383	play.svg
384	plus-circle.svg
385	plus-circle.svg
386	plus-square.svg
387	plus-square.svg
388	plus.svg
389	plus.svg
390	pocket.svg
391	pocket.svg
392	power.svg
393	power.svg
394	printer.svg
395	printer.svg
396	radio.svg
397	radio.svg
398	refresh-ccw.svg
399	refresh-ccw.svg
400	refresh-cw.svg
401	refresh-cw.svg
402	repeat.svg
403	repeat.svg
404	rewind.svg
405	rewind.svg
406	rotate-ccw.svg
407	rotate-ccw.svg
408	rotate-cw.svg
409	rotate-cw.svg
410	rss.svg
411	rss.svg
412	save.svg
413	save.svg
414	scissors.svg
415	scissors.svg
416	search.svg
417	search.svg
418	send.svg
419	send.svg
420	server.svg
421	server.svg
422	settings.svg
423	settings.svg
424	share-2.svg
425	share-2.svg
426	share.svg
427	share.svg
428	shield-off.svg
429	shield-off.svg
430	shield.svg
431	shield.svg
432	shopping-bag.svg
433	shopping-bag.svg
434	shopping-cart.svg
435	shopping-cart.svg
436	shuffle.svg
437	shuffle.svg
438	sidebar.svg
439	sidebar.svg
440	skip-back.svg
441	skip-back.svg
442	skip-forward.svg
443	skip-forward.svg
444	slack.svg
445	slack.svg
446	slash.svg
447	slash.svg
448	sliders.svg
449	sliders.svg
450	smartphone.svg
451	smartphone.svg
452	smile.svg
453	smile.svg
454	speaker.svg
455	speaker.svg
456	square.svg
457	square.svg
458	star.svg
459	star.svg
460	stop-circle.svg
461	stop-circle.svg
462	sun.svg
463	sun.svg
464	sunrise.svg
465	sunrise.svg
466	sunset.svg
467	sunset.svg
468	table.svg
469	table.svg
470	tablet.svg
471	tablet.svg
472	tag.svg
473	tag.svg
474	target.svg
475	target.svg
476	terminal.svg
477	terminal.svg
478	thermometer.svg
479	thermometer.svg
480	thumbs-down.svg
481	thumbs-down.svg
482	thumbs-up.svg
483	thumbs-up.svg
484	toggle-left.svg
485	toggle-left.svg
486	toggle-right.svg
487	toggle-right.svg
488	tool.svg
489	tool.svg
490	trash-2.svg
491	trash-2.svg
492	trash.svg
493	trash.svg
494	trello.svg
495	trello.svg
496	trending-down.svg
497	trending-down.svg
498	trending-up.svg
499	trending-up.svg
500	triangle.svg
501	triangle.svg
502	truck.svg
503	truck.svg
504	tv.svg
505	tv.svg
506	twitch.svg
507	twitch.svg
508	twitter.svg
509	twitter.svg
510	type.svg
511	type.svg
512	umbrella.svg
513	umbrella.svg
514	underline.svg
515	underline.svg
516	unlock.svg
517	unlock.svg
518	upload-cloud.svg
519	upload-cloud.svg
520	upload.svg
521	upload.svg
522	user-check.svg
523	user-check.svg
524	user-minus.svg
525	user-minus.svg
526	user-plus.svg
527	user-plus.svg
528	user-x.svg
529	user-x.svg
530	user.svg
531	user.svg
532	users.svg
533	users.svg
534	video-off.svg
535	video-off.svg
536	video.svg
537	video.svg
538	voicemail.svg
539	voicemail.svg
540	volume-1.svg
541	volume-1.svg
542	volume-2.svg
543	volume-2.svg
544	volume-x.svg
545	volume-x.svg
546	volume.svg
547	volume.svg
548	watch.svg
549	watch.svg
550	wifi-off.svg
551	wifi-off.svg
552	wifi.svg
553	wifi.svg
554	wind.svg
555	wind.svg
556	x-circle.svg
557	x-circle.svg
558	x-octagon.svg
559	x-octagon.svg
560	x-square.svg
561	x-square.svg
562	x.svg
563	x.svg
564	youtube.svg
565	youtube.svg
566	zap-off.svg
567	zap-off.svg
568	zap.svg
569	zap.svg
570	zoom-in.svg
571	zoom-in.svg
572	zoom-out.svg
573	zoom-out.svg
